MPLINK 4.49, Linker
Linker Map File - Created Fri Dec 11 19:46:30 2015

                                 Section Info
                  Section       Type    Address   Location Size(Bytes)
                ---------  ---------  ---------  ---------  ---------
                   .org_0       code   0x000000    program   0x000000
                   .org_1       code   0x000000    program   0x000002
                   .org_2       code   0x000004    program   0x00005c
.config_2007_CONTADOR_JAIME.O       code   0x002007    program   0x000002



                              Program Memory Usage 
                               Start         End      
                           ---------   ---------      
                            0x000000    0x000000      
                            0x000004    0x000031      
                            0x002007    0x002007      
            48 out of 1094 program addresses used, program memory utilization is 4%



                              Symbols - Sorted by Name
                     Name    Address   Location    Storage File                     
                ---------  ---------  ---------  --------- ---------                
                    LOOPA   0x000010    program     static C:\Users\Jaime\Documents\ARQUITETURA\JaimePIC\contador_JAIME.asm
                    LOOPB   0x00002d    program     static C:\Users\Jaime\Documents\ARQUITETURA\JaimePIC\contador_JAIME.asm
                  delay05   0x00002c    program     static C:\Users\Jaime\Documents\ARQUITETURA\JaimePIC\contador_JAIME.asm
                   inicio   0x000005    program     static C:\Users\Jaime\Documents\ARQUITETURA\JaimePIC\contador_JAIME.asm
                 programa   0x000010    program     static C:\Users\Jaime\Documents\ARQUITETURA\JaimePIC\contador_JAIME.asm



                              Symbols - Sorted by Address
                     Name    Address   Location    Storage File                     
                ---------  ---------  ---------  --------- ---------                
                   inicio   0x000005    program     static C:\Users\Jaime\Documents\ARQUITETURA\JaimePIC\contador_JAIME.asm
                    LOOPA   0x000010    program     static C:\Users\Jaime\Documents\ARQUITETURA\JaimePIC\contador_JAIME.asm
                 programa   0x000010    program     static C:\Users\Jaime\Documents\ARQUITETURA\JaimePIC\contador_JAIME.asm
                  delay05   0x00002c    program     static C:\Users\Jaime\Documents\ARQUITETURA\JaimePIC\contador_JAIME.asm
                    LOOPB   0x00002d    program     static C:\Users\Jaime\Documents\ARQUITETURA\JaimePIC\contador_JAIME.asm


